---
source: crates/aiken-project/src/blueprint/validator.rs
description: "Code:\n\npub opaque type Dict<key, value> {\n    inner: List<(ByteArray, value)>\n}\n\ntype UUID { UUID }\n\nvalidator {\n  fn opaque_singleton_variants(redeemer: Dict<UUID, Int>, ctx: Void) {\n    True\n  }\n}\n"
---
{
  "title": "test_module.opaque_singleton_variants",
  "redeemer": {
    "title": "redeemer",
    "schema": {
      "$ref": "#/definitions/test_module~1Dict$test_module~1UUID_Int"
    }
  },
  "compiledCode": "58f0010000323232323232323232232253330054a22930a9980324811856616c696461746f722072657475726e65642066616c736500136563233001001533333300b002153300500316137560042a6600a0062c2a6600a0062c2a6600a0062c44a66601200229309919801801980600119191929999998078008a998048038b0a998048038b0a998048038b09bad001153300900716300a00232533333300e0011533008006161533008006161533008006161533008006161375c0026010002601400292011972656465656d65723a20446963743c555549442c20496e743e005734ae7155ceaab9e5573eae855d12ba41",
  "hash": "6998c72889e38127d4e44900b9b8b0b1716b5f2b0ba7f468b3b48459",
  "definitions": {
    "ByteArray": {
      "dataType": "bytes"
    },
    "Int": {
      "dataType": "integer"
    },
    "test_module/Dict$test_module/UUID_Int": {
      "title": "Dict",
      "dataType": "map",
      "keys": {
        "$ref": "#/definitions/ByteArray"
      },
      "values": {
        "$ref": "#/definitions/Int"
      }
    }
  }
}
